<html>
<body>
<pre>
<h1>µVision Build Log</h1>
<h2>Tool Versions:</h2>
IDE-Version: µVision V5.18a
Copyright (C) 2016 ARM Ltd and ARM Germany GmbH. All rights reserved.
License Information: Aliaksei Bykouski, EPAM, LIC=----
 
Tool Versions:
Toolchain:       MDK-Lite  Version: 5.18a
Toolchain Path:  C:\Keil_v5\ARM\ARMCC\Bin
C Compiler:      Armcc.exe V5.06 update 1 (build 61)
Assembler:       Armasm.exe V5.06 update 1 (build 61)
Linker/Locator:  ArmLink.exe V5.06 update 1 (build 61)
Library Manager: ArmAr.exe V5.06 update 1 (build 61)
Hex Converter:   FromElf.exe V5.06 update 1 (build 61)
CPU DLL:         SARMCM3.DLL V5.18a
Dialog DLL:      DCM.DLL V1.13.6.0
Target DLL:      STLink\ST-LINKIII-KEIL_SWO.dll V2.0.18.0
Dialog DLL:      TCM.DLL V1.14.8.0
 
<h2>Project:</h2>
P:\learn\designs\electronix\Drive\MDK-ARM\Drive.uvprojx
Project File Date:  08/18/2016

<h2>Output:</h2>
*** Using Compiler 'V5.06 update 1 (build 61)', folder: 'C:\Keil_v5\ARM\ARMCC\Bin'
Rebuild target 'Drive'
compiling usb_device.c...
compiling usbd_cdc_if.c...
compiling main.c...
compiling stm32f1xx_it.c...
compiling stm32f1xx_hal_msp.c...
compiling usbd_conf.c...
compiling usbd_desc.c...
compiling CO_driver.c...
compiling CANopen.c...
..\Src\CANopenNode\CANopen.c(58): warning:  #550-D: variable "CO_memoryUsed" was set but never used
      static uint32_t CO_memoryUsed = 0; /* informative */
..\Src\CANopenNode\CANopen.c: 1 warning, 0 errors
compiling CO_OD.c...
compiling CO_Emergency.c...
compiling CO_HBconsumer.c...
compiling CO_NMT_Heartbeat.c...
..\Src\CANopenNode\stack\CO_NMT_Heartbeat.c(320): warning:  #188-D: enumerated type mixed with another type
      return NMT->resetCommand;
..\Src\CANopenNode\stack\CO_NMT_Heartbeat.c: 1 warning, 0 errors
compiling CO_PDO.c...
..\Src\CANopenNode\stack\CO_PDO.c(607): warning:  #188-D: enumerated type mixed with another type
          return CO_RPDOconfigMap(RPDO, *value);
..\Src\CANopenNode\stack\CO_PDO.c(622): warning:  #188-D: enumerated type mixed with another type
          return CO_PDOfindMap(
..\Src\CANopenNode\stack\CO_PDO.c(632): warning:  #111-D: statement is unreachable
      return CO_SDO_AB_NONE;
..\Src\CANopenNode\stack\CO_PDO.c(673): warning:  #188-D: enumerated type mixed with another type
          return CO_TPDOconfigMap(TPDO, *value);
..\Src\CANopenNode\stack\CO_PDO.c(688): warning:  #188-D: enumerated type mixed with another type
          return CO_PDOfindMap(
..\Src\CANopenNode\stack\CO_PDO.c(698): warning:  #111-D: statement is unreachable
      return CO_SDO_AB_NONE;
..\Src\CANopenNode\stack\CO_PDO.c: 6 warnings, 0 errors
compiling crc16-ccitt.c...
compiling CO_SDO.c...
assembling startup_stm32f103xb.s...
compiling CO_SYNC.c...
compiling CO_SDOmaster.c...
compiling system_stm32f1xx.c...
compiling usbd_ctlreq.c...
compiling usbd_ioreq.c...
compiling usbd_cdc.c...
compiling usbd_core.c...
compiling stm32f1xx_hal_cortex.c...
compiling stm32f1xx_hal_tim_ex.c...
compiling stm32f1xx_hal_rcc_ex.c...
compiling stm32f1xx_hal_flash_ex.c...
compiling stm32f1xx_hal_pwr.c...
compiling stm32f1xx_hal_pcd_ex.c...
compiling stm32f1xx_hal_flash.c...
compiling stm32f1xx_hal_can.c...
compiling stm32f1xx_hal_pcd.c...
compiling stm32f1xx_hal_tim.c...
compiling stm32f1xx_hal_dma.c...
compiling stm32f1xx_hal_gpio.c...
compiling stm32f1xx_ll_usb.c...
compiling stm32f1xx_hal.c...
compiling stm32f1xx_hal_rcc.c...
linking...
Program Size: Code=24008 RO-data=2496 RW-data=1404 ZI-data=4324  
"Drive\Drive.axf" - 0 Error(s), 8 Warning(s).

<h2>Software Packages used:</h2>

Package Vendor: ARM
                http://www.keil.com/pack/ARM.CMSIS.4.5.0.pack
                ARM::CMSIS:CORE:4.3.0
                CMSIS (Cortex Microcontroller Software Interface Standard)
   * Component: CORE Version: 4.3.0

<h2>Collection of Component include folders:</h2>
  P:\learn\designs\electronix\Drive\MDK-ARM\RTE
  C:\Keil_v5\ARM\PACK\ARM\CMSIS\4.5.0\CMSIS\Include
  C:\Keil_v5\ARM\PACK\Keil\STM32F1xx_DFP\2.0.0\Device\Include

<h2>Collection of Component Files used:</h2>

   * Component: ARM::CMSIS:CORE:4.3.0
Build Time Elapsed:  00:00:21
</pre>
</body>
</html>
